/home/edoardo/proj/proj-releases/Providing-Spatial-Isolation-Experiment/Runtime_Cost_for_Message_Exchange_Copy/Providing-Spatial-Isolation-Experiment/src/activation_manager.adb:13:4:Synchronize_Activation_Cyclic	16	static
/home/edoardo/proj/proj-releases/Providing-Spatial-Isolation-Experiment/Runtime_Cost_for_Message_Exchange_Copy/Providing-Spatial-Isolation-Experiment/src/activation_manager.adb:20:4:Initialize	8	static
/home/edoardo/proj/proj-releases/Providing-Spatial-Isolation-Experiment/Runtime_Cost_for_Message_Exchange_Copy/Providing-Spatial-Isolation-Experiment/src/activation_manager.adb:11:1:Activation_Manager	8	static
/home/edoardo/proj/proj-releases/Providing-Spatial-Isolation-Experiment/Runtime_Cost_for_Message_Exchange_Copy/Providing-Spatial-Isolation-Experiment/src/activation_manager.ads:12:1:Activation_Manager	8	static
