/home/edoardo/proj/Ada-RTE-supporting-semi-partitioned-model/runtime/arm-eabi/lib/gnat/ravenscar_full_zynq7000/gnat/channel_pool_access.adb:19:7:Get	16	static
/home/edoardo/proj/Ada-RTE-supporting-semi-partitioned-model/runtime/arm-eabi/lib/gnat/ravenscar_full_zynq7000/gnat/channel_pool_access.adb:26:7:Move	16	static
/home/edoardo/proj/Ada-RTE-supporting-semi-partitioned-model/runtime/arm-eabi/lib/gnat/ravenscar_full_zynq7000/gnat/channel_pool_access.adb:35:7:Allocate	24	static
/home/edoardo/proj/Ada-RTE-supporting-semi-partitioned-model/runtime/arm-eabi/lib/gnat/ravenscar_full_zynq7000/gnat/channel_pool_access.adb:41:7:Allocate	24	static
/home/edoardo/proj/Ada-RTE-supporting-semi-partitioned-model/runtime/arm-eabi/lib/gnat/ravenscar_full_zynq7000/gnat/channel_pool_access.adb:49:7:Free	16	static
/home/edoardo/proj/Ada-RTE-supporting-semi-partitioned-model/runtime/arm-eabi/lib/gnat/ravenscar_full_zynq7000/gnat/channel_pool_access.adb:56:7:Is_Null	16	static
/home/edoardo/proj/Ada-RTE-supporting-semi-partitioned-model/runtime/arm-eabi/lib/gnat/ravenscar_full_zynq7000/gnat/channel_pool_access.adb:63:7:Finalize	16	static
/home/edoardo/proj/Ada-RTE-supporting-semi-partitioned-model/runtime/arm-eabi/lib/gnat/ravenscar_full_zynq7000/gnat/channel_pool_access.adb:75:10:Sendn	32	static
/home/edoardo/proj/Ada-RTE-supporting-semi-partitioned-model/runtime/arm-eabi/lib/gnat/ravenscar_full_zynq7000/gnat/channel_pool_access.adb:75:10:Sendp	16	static
/home/edoardo/proj/Ada-RTE-supporting-semi-partitioned-model/runtime/arm-eabi/lib/gnat/ravenscar_full_zynq7000/gnat/channel_pool_access.adb:75:10:Sendp	32	static
/home/edoardo/proj/Ada-RTE-supporting-semi-partitioned-model/runtime/arm-eabi/lib/gnat/ravenscar_full_zynq7000/gnat/channel_pool_access.adb:81:10:Receiven	32	static
/home/edoardo/proj/Ada-RTE-supporting-semi-partitioned-model/runtime/arm-eabi/lib/gnat/ravenscar_full_zynq7000/gnat/channel_pool_access.adb:81:10:Receivep	16	static
/home/edoardo/proj/Ada-RTE-supporting-semi-partitioned-model/runtime/arm-eabi/lib/gnat/ravenscar_full_zynq7000/gnat/channel_pool_access.adb:81:10:Receivep	32	static
/home/edoardo/proj/Ada-RTE-supporting-semi-partitioned-model/runtime/arm-eabi/lib/gnat/ravenscar_full_zynq7000/gnat/channel_pool_access.ads:46:12:Reference_Typeip	16	static
/home/edoardo/proj/Ada-RTE-supporting-semi-partitioned-model/runtime/arm-eabi/lib/gnat/ravenscar_full_zynq7000/gnat/channel_pool_access.ads:46:12:Reference_Typefd	16	static
/home/edoardo/proj/Ada-RTE-supporting-semi-partitioned-model/runtime/arm-eabi/lib/gnat/ravenscar_full_zynq7000/gnat/channel_pool_access.ads:46:12:Cpsp	16	static
/home/edoardo/proj/Ada-RTE-supporting-semi-partitioned-model/runtime/arm-eabi/lib/gnat/ravenscar_full_zynq7000/gnat/channel_pool_access.ads:46:12:Reference_Typedf	16	static
/home/edoardo/proj/Ada-RTE-supporting-semi-partitioned-model/runtime/arm-eabi/lib/gnat/ravenscar_full_zynq7000/gnat/channel_pool_access.ads:46:12:Treference_Typecfd	32	static
/home/edoardo/proj/Ada-RTE-supporting-semi-partitioned-model/runtime/arm-eabi/lib/gnat/ravenscar_full_zynq7000/gnat/channel_pool_access.ads:57:7:Shared_Referencevdi	16	static
/home/edoardo/proj/Ada-RTE-supporting-semi-partitioned-model/runtime/arm-eabi/lib/gnat/ravenscar_full_zynq7000/gnat/channel_pool_access.ads:57:7:Shared_Referencevdf	32	static
/home/edoardo/proj/Ada-RTE-supporting-semi-partitioned-model/runtime/arm-eabi/lib/gnat/ravenscar_full_zynq7000/gnat/channel_pool_access.ads:57:7:Shared_Referencevfd	16	static
/home/edoardo/proj/Ada-RTE-supporting-semi-partitioned-model/runtime/arm-eabi/lib/gnat/ravenscar_full_zynq7000/gnat/channel_pool_access.ads:57:7:Shared_Referencevip	40	static
/home/edoardo/proj/Ada-RTE-supporting-semi-partitioned-model/runtime/arm-eabi/lib/gnat/ravenscar_full_zynq7000/gnat/channel_pool_access.ads:57:7:Shared_Referencevip	40	static
/home/edoardo/proj/proj-releases/Providing-Spatial-Isolation-Experiment/Runtime_Cost_for_Message_Exchange_Copy/Providing-Spatial-Isolation-Experiment/src/channels.ads:12:1:Finalize_Spec	8	static
/home/edoardo/proj/proj-releases/Providing-Spatial-Isolation-Experiment/Runtime_Cost_for_Message_Exchange_Copy/Providing-Spatial-Isolation-Experiment/src/channels.adb:14:7:Send	16	static
/home/edoardo/proj/proj-releases/Providing-Spatial-Isolation-Experiment/Runtime_Cost_for_Message_Exchange_Copy/Providing-Spatial-Isolation-Experiment/src/channels.adb:19:7:Receive	16	static
/home/edoardo/proj/proj-releases/Providing-Spatial-Isolation-Experiment/Runtime_Cost_for_Message_Exchange_Copy/Providing-Spatial-Isolation-Experiment/src/channels.adb:28:7:Send	16	static
/home/edoardo/proj/proj-releases/Providing-Spatial-Isolation-Experiment/Runtime_Cost_for_Message_Exchange_Copy/Providing-Spatial-Isolation-Experiment/src/channels.adb:33:7:Receive	16	static
/home/edoardo/proj/proj-releases/Providing-Spatial-Isolation-Experiment/Runtime_Cost_for_Message_Exchange_Copy/Providing-Spatial-Isolation-Experiment/src/channels.adb:9:1:Finalize_Body	16	static
/home/edoardo/proj/proj-releases/Providing-Spatial-Isolation-Experiment/Runtime_Cost_for_Message_Exchange_Copy/Providing-Spatial-Isolation-Experiment/src/channels.adb:9:1:Channels	8	static
/home/edoardo/proj/proj-releases/Providing-Spatial-Isolation-Experiment/Runtime_Cost_for_Message_Exchange_Copy/Providing-Spatial-Isolation-Experiment/src/channels.ads:12:1:Channels	8	static
