/home/edoardo/proj/proj-releases/Providing-Spatial-Isolation-Experiment/Runtime_Cost_for_Message_Exchange_Copy/Providing-Spatial-Isolation-Experiment/src/experiment_parameters.ads:24:4:Tarray_Of_I32bbip	16	static
/home/edoardo/proj/proj-releases/Providing-Spatial-Isolation-Experiment/Runtime_Cost_for_Message_Exchange_Copy/Providing-Spatial-Isolation-Experiment/src/experiment_parameters.ads:28:9:Shared_Objectip	16	static
/home/edoardo/proj/proj-releases/Providing-Spatial-Isolation-Experiment/Runtime_Cost_for_Message_Exchange_Copy/Providing-Spatial-Isolation-Experiment/src/experiment_parameters.ads:28:9:Experiment_Parameters	16	static
/home/edoardo/proj/proj-releases/Providing-Spatial-Isolation-Experiment/Runtime_Cost_for_Message_Exchange_Copy/Providing-Spatial-Isolation-Experiment/src/experiment_parameters.ads:28:9:Array_Of_I32b_11sr	32	static
/home/edoardo/proj/proj-releases/Providing-Spatial-Isolation-Experiment/Runtime_Cost_for_Message_Exchange_Copy/Providing-Spatial-Isolation-Experiment/src/experiment_parameters.ads:28:9:Shared_Objectsr	32	static
/home/edoardo/proj/proj-releases/Providing-Spatial-Isolation-Experiment/Runtime_Cost_for_Message_Exchange_Copy/Providing-Spatial-Isolation-Experiment/src/experiment_parameters.ads:28:9:Array_Of_I32b_16sw	32	static
/home/edoardo/proj/proj-releases/Providing-Spatial-Isolation-Experiment/Runtime_Cost_for_Message_Exchange_Copy/Providing-Spatial-Isolation-Experiment/src/experiment_parameters.ads:28:9:Shared_Objectsw	32	static
/home/edoardo/proj/proj-releases/Providing-Spatial-Isolation-Experiment/Runtime_Cost_for_Message_Exchange_Copy/Providing-Spatial-Isolation-Experiment/src/experiment_parameters.ads:28:9:Shared_Objectsi	72	static
/home/edoardo/proj/proj-releases/Providing-Spatial-Isolation-Experiment/Runtime_Cost_for_Message_Exchange_Copy/Providing-Spatial-Isolation-Experiment/src/experiment_parameters.ads:28:9:Shared_Objectso	24	static
/home/edoardo/proj/proj-releases/Providing-Spatial-Isolation-Experiment/Runtime_Cost_for_Message_Exchange_Copy/Providing-Spatial-Isolation-Experiment/src/experiment_parameters.ads:28:4:=	16	static
/home/edoardo/proj/proj-releases/Providing-Spatial-Isolation-Experiment/Runtime_Cost_for_Message_Exchange_Copy/Providing-Spatial-Isolation-Experiment/src/experiment_parameters.ads:28:9:Experiment_Parameters	448	static
/home/edoardo/proj/proj-releases/Providing-Spatial-Isolation-Experiment/Runtime_Cost_for_Message_Exchange_Copy/Providing-Spatial-Isolation-Experiment/src/experiment_parameters.ads:28:9:Shared_Objectda	16	static
/home/edoardo/proj/proj-releases/Providing-Spatial-Isolation-Experiment/Runtime_Cost_for_Message_Exchange_Copy/Providing-Spatial-Isolation-Experiment/src/experiment_parameters.ads:28:9:Shared_Objectdf	16	static
/home/edoardo/proj/proj-releases/Providing-Spatial-Isolation-Experiment/Runtime_Cost_for_Message_Exchange_Copy/Providing-Spatial-Isolation-Experiment/src/experiment_parameters.ads:28:9:Tshared_Objectcfd	32	static
/home/edoardo/proj/proj-releases/Providing-Spatial-Isolation-Experiment/Runtime_Cost_for_Message_Exchange_Copy/Providing-Spatial-Isolation-Experiment/src/experiment_parameters.ads:9:1:Finalize_Spec	8	static
/home/edoardo/proj/proj-releases/Providing-Spatial-Isolation-Experiment/Runtime_Cost_for_Message_Exchange_Copy/Providing-Spatial-Isolation-Experiment/src/experiment_parameters.ads:9:1:Experiment_Parameters	8	static
